---
source: cli/src/hbs_templating/codegen_templates.rs
expression: project_template.internal_config_json_code
---
{
  "name": "config2",
  "description": "Gravatar for Ethereum",
  "evm": {
    "chains": {
      "2": {
        "id": 2,
        "startBlock": 0,
        "rpcs": [
          {
            "url": "https://eth.com",
            "for": "sync",
            "syncConfig": {
              "initialBlockInterval": 10000,
              "backoffMultiplicative": 0.8,
              "accelerationAdditive": 2000,
              "intervalCeiling": 10000,
              "backoffMillis": 5000,
              "queryTimeoutMillis": 20000
            }
          },
          {
            "url": "https://eth.com/fallback",
            "for": "sync",
            "syncConfig": {
              "initialBlockInterval": 10000,
              "backoffMultiplicative": 0.8,
              "accelerationAdditive": 2000,
              "intervalCeiling": 10000,
              "backoffMillis": 5000,
              "queryTimeoutMillis": 20000
            }
          }
        ]
      },
      "ethereumMainnet": {
        "id": 1,
        "startBlock": 0,
        "rpcs": [
          {
            "url": "https://eth.com",
            "for": "sync",
            "syncConfig": {
              "initialBlockInterval": 10000,
              "backoffMultiplicative": 0.8,
              "accelerationAdditive": 2000,
              "intervalCeiling": 10000,
              "backoffMillis": 5000,
              "queryTimeoutMillis": 20000
            }
          }
        ]
      }
    },
    "contracts": {
      "Contract1": {
        "abi": [{"type":"event","name":"NewGravatar","inputs":[{"name":"id","type":"uint256","indexed":false},{"name":"owner","type":"address","indexed":false},{"name":"displayName","type":"string","indexed":false},{"name":"imageUrl","type":"string","indexed":false}],"anonymous":false},{"type":"event","name":"UpdatedGravatar","inputs":[{"name":"id","type":"uint256","indexed":false},{"name":"owner","type":"address","indexed":false},{"name":"displayName","type":"string","indexed":false},{"name":"imageUrl","type":"string","indexed":false}],"anonymous":false}],
        "handler": "./src/EventHandler.js",
        "eventSignatures": [
          "NewGravatar(uint256 id, address owner, string displayName, string imageUrl)",
          "UpdatedGravatar(uint256 id, address owner, string displayName, string imageUrl)"
        ]
      },
      "Contract2": {
        "abi": [{"type":"event","name":"NewGravatar","inputs":[{"name":"id","type":"uint256","indexed":false},{"name":"owner","type":"address","indexed":false},{"name":"displayName","type":"string","indexed":false},{"name":"imageUrl","type":"string","indexed":false}],"anonymous":false},{"type":"event","name":"UpdatedGravatar","inputs":[{"name":"id","type":"uint256","indexed":false},{"name":"owner","type":"address","indexed":false},{"name":"displayName","type":"string","indexed":false},{"name":"imageUrl","type":"string","indexed":false}],"anonymous":false}],
        "handler": "./src/EventHandler.js",
        "eventSignatures": [
          "NewGravatar(uint256 id, address owner, string displayName, string imageUrl)",
          "UpdatedGravatar(uint256 id, address owner, string displayName, string imageUrl)"
        ]
      }
    },
    "addressFormat": "checksum"
  }
}
