---
source: cli/src/hbs_templating/codegen_templates.rs
assertion_line: 2431
expression: project_template.envio_dts_code
---
export type EvmChains = {};
export type EvmContracts = {};
export type FuelChains = {
  "0": { id: 0 };
};
export type FuelContracts = {
  "Greeter": {};
};
export type SvmChains = {};
export type Enums = {};
export type Entities = {
  "EmptyEntity": {
    readonly "id": string;
    readonly "emptyField": string;
  };
};
