---
source: cli/src/hbs_templating/codegen_templates.rs
expression: project_template.envio_dts_code
---
export type EvmChains = {
  "ethereumMainnet": { id: 1 };
};
export type EvmContracts = {
  "Contract1": {};
};
export type FuelChains = {};
export type FuelContracts = {};
export type SvmChains = {};
