---
source: cli/src/hbs_templating/codegen_templates.rs
expression: project_template.internal_config_json_code
---
{
  "name": "test-all-options",
  "description": "Test config with all options set",
  "handlers": "custom/handlers",
  "multichain": "ordered",
  "fullBatchSize": 1000,
  "rollbackOnReorg": false,
  "saveFullHistory": true,
  "rawEvents": true,
  "evm": {
    "chains": {
      "ethereumMainnet": {
        "id": 1,
        "startBlock": 0
      }
    },
    "contracts": {
      "Contract1": {
        "abi": [{"type":"event","name":"NewGravatar","inputs":[{"name":"id","type":"uint256","indexed":false},{"name":"owner","type":"address","indexed":false},{"name":"displayName","type":"string","indexed":false},{"name":"imageUrl","type":"string","indexed":false}],"anonymous":false},{"type":"event","name":"UpdatedGravatar","inputs":[{"name":"id","type":"uint256","indexed":false},{"name":"owner","type":"address","indexed":false},{"name":"displayName","type":"string","indexed":false},{"name":"imageUrl","type":"string","indexed":false}],"anonymous":false}]
      }
    },
    "addressFormat": "checksum",
    "eventDecoder": "hypersync"
  }
}
