---
source: cli/src/hbs_templating/codegen_templates.rs
expression: project_template.internal_config_json_code
---
{
  "version": "0.0.1-dev",
  "name": "config4",
  "description": "Gravatar for Ethereum",
  "evm": {
    "chains": {
      "ethereumMainnet": {
        "id": 1,
        "startBlock": 0,
        "hypersync": "https://myskar.com"
      },
      "polygon": {
        "id": 137,
        "startBlock": 0,
        "hypersync": "https://137.hypersync.xyz"
      }
    },
    "addressFormat": "checksum"
  }
}
